C51 COMPILER V9.60.0.0   I2C                                                               05/14/2021 11:57:13 PAGE 1   


C51 COMPILER V9.60.0.0, COMPILATION OF MODULE I2C
OBJECT MODULE PLACED IN .\Objects\i2c.obj
COMPILER INVOKED BY: C:\Keil_v5\C51\BIN\C51.exe i2c.c OPTIMIZE(8,SPEED) BROWSE DEBUG OBJECTEXTEND PRINT(.\Listings\i2c.l
                    -st) TABS(2) OBJECT(.\Objects\i2c.obj)

line level    source

   1          #include <REGX51.H>
   2          #include "i2c.h"
   3          
   4          char sda_data = 0;
   5          int sda_bit = 0;
   6          int sda_begin = 0;
   7          int sda_end = 0;
   8          int sda_strt = 0;
   9          int sda_ack = 0;
  10          int sda_ = 0;
  11          int ack_done = 0;
  12          
  13          
  14          void clock_gen(int rate)
  15          {
  16   1        TMOD = 0x20;
  17   1        TL1 = 256-(28800/rate);
  18   1        TH1 = TL1;
  19   1        EA = 1;
  20   1        ET1 = 1;
  21   1        TR1 = 1;
  22   1      }
  23          
  24          void sda_write(char c)
  25          {
  26   1        sda_data = c;
  27   1        sda_begin = 1;
  28   1        while(sda_begin);
  29   1      }
  30          
  31          void sda_start()
  32          {
  33   1        sda_strt = 1;
  34   1      }
  35          
  36          void sda_stop()
  37          {
  38   1        sda_end = 1;
  39   1      }
  40          
  41          void intr_ser(void) interrupt 3
  42          {
  43   1        
  44   1         if ((scl == 0) && (sda_end == 1))
  45   1            sda = 0;
  46   1         
  47   1         if((scl == 0) && (sda_begin == 1) && (sda_ == 1) && (sda_bit <= 9))
  48   1           {
  49   2            sda = ((sda_data >> sda_bit++) & 0x01);
  50   2            if(sda_bit == 9)
  51   2              {
  52   3                //sda_begin = 0;
  53   3                sda_ack = 1;
  54   3                //sda = 1;      //ack bit
C51 COMPILER V9.60.0.0   I2C                                                               05/14/2021 11:57:13 PAGE 2   

  55   3                //sda_bit = 0;    
  56   3                //goto here;
  57   3              }
  58   2            } 
  59   1           if((sda_ack == 1) && (scl == 0))  // acknowledge
  60   1          {
  61   2            sda = 1;
  62   2            
  63   2            ack_done = 1;
  64   2            sda_ack = 0;
  65   2          }    
  66   1          if(sda_begin == 1)
  67   1          {      
  68   2          scl =(~scl);  // clock
  69   2            if (ack_done == 1)
  70   2            {
  71   3              sda_begin = 0;
  72   3              ack_done = 0;
  73   3              sda_bit = 0; 
  74   3            }
  75   2              
  76   2          }
  77   1      
  78   1          //here:
  79   1         if((scl == 1) && (sda_strt == 1))  // send start condition
  80   1          {  
  81   2            sda = 0;
  82   2            sda_strt = 0;
  83   2            sda_ = 1;
  84   2          }
  85   1          
  86   1         
  87   1          
  88   1         if ((scl == 1) && (sda_end == 1))  // send stop condition
  89   1           {
  90   2             sda = 1;
  91   2             sda_end = 0;
  92   2             sda_= 0;
  93   2           }
  94   1           
  95   1      }


MODULE INFORMATION:   STATIC OVERLAYABLE
   CODE SIZE        =    255    ----
   CONSTANT SIZE    =   ----    ----
   XDATA SIZE       =   ----    ----
   PDATA SIZE       =   ----    ----
   DATA SIZE        =     15    ----
   IDATA SIZE       =   ----    ----
   BIT SIZE         =   ----    ----
END OF MODULE INFORMATION.


C51 COMPILATION COMPLETE.  0 WARNING(S),  0 ERROR(S)
